To honour the JVM settings for this build a single-use Daemon process will be forked. For more on this, please refer to https://docs.gradle.org/8.8/userguide/gradle_daemon.html#sec:disabling_the_daemon in the Gradle documentation.
Daemon will be stopped at the end of the build 

> Configure project :
MixinGradle is skipping eclipse integration, extension not found
files(...) dependencies are not deobfuscated. Use a flatDir repository instead: https://docs.gradle.org/current/userguide/declaring_repositories.html#sub:flat_dir_resolver
Cannot deobfuscate dependency of type DefaultFileCollectionDependency_Decorated, using obfuscated version!

> Task :downloadMcpConfig
> Task :extractSrg UP-TO-DATE
> Task :createMcpToSrg UP-TO-DATE

> Task :compileJava
Note: SpongePowered MIXIN Annotation Processor Version=0.8.5 (MixinGradle Version=0.7.38)
Note: Supported obfuscation types: ObfuscationServiceMCP supports [notch] ObfuscationServiceFG3 supports [searge]
C:\Users\matga\Downloads\Project-Atmosphere\src\main\java\net\Gabou\projectatmosphere\mixin\compat\auroras\AuroraRendererMixin.java:16: warning: Mixin target auroras.util.AuroraRenderer is public and should be specified in value
@Mixin(targets = "auroras.util.AuroraRenderer", remap = false)
^
Note: Loading searge mappings from C:\Users\matga\Downloads\Project-Atmosphere\build\createMcpToSrg\output.tsrg
C:\Users\matga\Downloads\Project-Atmosphere\src\main\java\net\Gabou\projectatmosphere\mixin\compat\rainbows\RainbowsRendererParticleMixin.java:15: warning: Mixin target rainbows.util.RainbowsRendererParticle is public and should be specified in value
@Mixin(targets = "rainbows.util.RainbowsRendererParticle", remap = false)
^
Note: Writing refmap to C:\Users\matga\Downloads\Project-Atmosphere\build\tmp\compileJava\compileJava-refmap.json
Note: Writing refmap to C:\Users\matga\Downloads\Project-Atmosphere\build\tmp\compileJava\compileJava-refmap.json
Note: Writing searge composite mappings to C:\Users\matga\Downloads\Project-Atmosphere\build\tmp\compileJava\compileJava-mappings.tsrg
Note: Writing refmap to C:\Users\matga\Downloads\Project-Atmosphere\build\tmp\compileJava\compileJava-refmap.json
Note: Writing refmap to C:\Users\matga\Downloads\Project-Atmosphere\build\tmp\compileJava\compileJava-refmap.json
Note: Writing searge composite mappings to C:\Users\matga\Downloads\Project-Atmosphere\build\tmp\compileJava\compileJava-mappings.tsrg
C:\Users\matga\Downloads\Project-Atmosphere\src\main\java\net\Gabou\projectatmosphere\modules\temperature\config\BiomeTempConfig.java:55: warning: [removal] ResourceLocation(String) in ResourceLocation has been deprecated and marked for removal
            new ResourceLocation("minecraft:plains");
            ^
C:\Users\matga\Downloads\Project-Atmosphere\src\main\java\net\Gabou\projectatmosphere\api\common\cloud\region\TornadoDescriptor.java:183: warning: [removal] ResourceLocation(String) in ResourceLocation has been deprecated and marked for removal
                ? new ResourceLocation(tag.getString(KEY_CONTROLLER)) : null;
                  ^
C:\Users\matga\Downloads\Project-Atmosphere\src\main\java\net\Gabou\projectatmosphere\ProjectAtmosphere.java:67: warning: [removal] get() in FMLJavaModLoadingContext has been deprecated and marked for removal
        FMLJavaModLoadingContext context = FMLJavaModLoadingContext.get();
                                                                   ^
C:\Users\matga\Downloads\Project-Atmosphere\src\main\java\net\Gabou\projectatmosphere\clouds\state\CloudRegionState.java:469: warning: [removal] ResourceLocation(String) in ResourceLocation has been deprecated and marked for removal
        ResourceLocation dimensionLocation = new ResourceLocation(dimensionId);
                                             ^
C:\Users\matga\Downloads\Project-Atmosphere\src\main\java\net\Gabou\projectatmosphere\clouds\state\CloudClusterState.java:627: warning: [removal] ResourceLocation(String) in ResourceLocation has been deprecated and marked for removal
        ResourceLocation dimensionLocation = new ResourceLocation(dimensionId);
                                             ^
C:\Users\matga\Downloads\Project-Atmosphere\src\main\java\net\Gabou\projectatmosphere\seasons\SeasonSnapshot.java:34: warning: [removal] ResourceLocation(String,String) in ResourceLocation has been deprecated and marked for removal
        return new SeasonSnapshot(new ResourceLocation("projectatmosphere", "neutral"),
                                  ^
C:\Users\matga\Downloads\Project-Atmosphere\src\main\java\net\Gabou\projectatmosphere\modules\seasonaltrees\integration\DynamicTreesDormancyHelper.java:255: warning: [removal] ResourceLocation(String,String) in ResourceLocation has been deprecated and marked for removal
        LeavesProperties bare = LeavesProperties.REGISTRY.getOptional(new ResourceLocation("dynamictrees", "bare")).orElse(null);
                                                                      ^
C:\Users\matga\Downloads\Project-Atmosphere\src\main\java\net\Gabou\projectatmosphere\registry\ClientBootstrap.java:26: warning: [removal] get() in FMLJavaModLoadingContext has been deprecated and marked for removal
        FMLJavaModLoadingContext context = FMLJavaModLoadingContext.get();
                                                                   ^
C:\Users\matga\Downloads\Project-Atmosphere\src\main\java\net\Gabou\projectatmosphere\seasons\EclipticSeasonsSeasonDelegate.java:59: warning: [removal] ResourceLocation(String,String) in ResourceLocation has been deprecated and marked for removal
                new ResourceLocation("eclipticseasons", "season"),
                ^
C:\Users\matga\Downloads\Project-Atmosphere\src\main\java\net\Gabou\projectatmosphere\seasons\SeasonProviderRegistry.java:28: warning: [removal] ResourceLocation(String) in ResourceLocation has been deprecated and marked for removal
        ResourceLocation prevId = previous == null ? null : new ResourceLocation(previous.id());
                                                            ^
C:\Users\matga\Downloads\Project-Atmosphere\src\main\java\net\Gabou\projectatmosphere\seasons\SeasonProviderRegistry.java:55: warning: [removal] ResourceLocation(String,String) in ResourceLocation has been deprecated and marked for removal
        private static final ResourceLocation ID = new ResourceLocation("projectatmosphere", "neutral");
                                                   ^
C:\Users\matga\Downloads\Project-Atmosphere\src\main\java\net\Gabou\projectatmosphere\seasons\SeasonTimeHelper.java:103: warning: [removal] ResourceLocation(String,String) in ResourceLocation has been deprecated and marked for removal
        private static final ResourceLocation ID = new ResourceLocation("projectatmosphere", "neutral");
                                                   ^
C:\Users\matga\Downloads\Project-Atmosphere\src\main\java\net\Gabou\projectatmosphere\seasons\SereneSeasonsSeasonDelegate.java:48: warning: [removal] ResourceLocation(String,String) in ResourceLocation has been deprecated and marked for removal
        return new SeasonSnapshot(new ResourceLocation("sereneseasons", "season"),
                                  ^
Note: Some input files use or override a deprecated API.
Note: Recompile with -Xlint:deprecation for details.
Note: C:\Users\matga\Downloads\Project-Atmosphere\src\main\java\net\Gabou\projectatmosphere\mixin\MultiRegionCloudMeshGeneratorMixin.java uses unchecked or unsafe operations.
Note: Recompile with -Xlint:unchecked for details.
15 warnings

> Task :generateLeanFinalShader
> Task :processResources
> Task :classes
> Task :compileTestJava
> Task :processTestResources UP-TO-DATE
> Task :testClasses

> Task :stormVolumetricGeometrySandbox FAILED
PHASE4T_RESULT|T132 authoritative control separation|PASSED|invariant satisfied
PHASE4T_RESULT|T133 production default unchanged|PASSED|invariant satisfied
Exception in thread "main" java.lang.IllegalStateException: T123 workload counter at shader line 6823 is not guarded by paWorkloadCaptureActive(): paPrimaryStepParity++;
	at net.Gabou.projectatmosphere.clouds.client.render.volumetric.StormVolumetricGeometrySandbox.require(StormVolumetricGeometrySandbox.java:7308)
	at net.Gabou.projectatmosphere.clouds.client.render.volumetric.StormVolumetricGeometrySandbox.validateT123InstrumentationOnly(StormVolumetricGeometrySandbox.java:841)
	at net.Gabou.projectatmosphere.clouds.client.render.volumetric.StormVolumetricGeometrySandbox.main(StormVolumetricGeometrySandbox.java:52)

FAILURE: Build failed with an exception.

* What went wrong:
Execution failed for task ':stormVolumetricGeometrySandbox'.
> Process 'command 'C:\Program Files\Eclipse Adoptium\jdk-17.0.18.8-hotspot\bin\java.exe'' finished with non-zero exit value 1

* Try:
> Run with --stacktrace option to get the stack trace.
> Run with --info or --debug option to get more log output.
> Run with --scan to get full insights.
> Get more help at https://help.gradle.org.

BUILD FAILED in 1m 35s
9 actionable tasks: 6 executed, 3 up-to-date
